// Jest Snapshot v1, https://goo.gl/fbAQLP

exports[`returns super heros that can fly 1`] = `
[
  {
    "name": "Dynaguy",
    "powers": [
      "disintegration ray",
      "fly",
    ],
  },
  {
    "name": "Apogee",
    "powers": [
      "gravity control",
      "fly",
    ],
  },
]
`;
